external  5 root(s) from 0/1 package(s) + core
external  note: 1 of those root(s) have no version-pinned URL, so names in them render without a link rather than linking at a page this site does not write
external  note: <root>/e2e/micro/lake-manifest.json: package `micro-dep` is type `path`, not `git` — only a git package has a /blob/<rev> to link into
lib     Example (--lib)
modules 11
source  https://github.com/FujiHaruka/litedoc4/blob/0000000000000000000000000000000000000000/e2e/micro
plan    full generation (nothing there yet)
detect  11 module(s) hashed
serve   ready <ns> 611 11 (1 jobs, generation <gen>)
        served 11 module(s) from the resident environment in <t>
serve   stopped after 1 request(s)
extract 11 module(s) in <t>
render  modules 11/11  declarations 56/97 (42 suppressed)  module docs 11  bytes 146728
render  known 118  link index 34066  known modules 612
render  math spans kept as LaTeX 1
global  modules 11  declarations 97 + 21 dependency names  instance classes 4  instance types 3  tactic docs 0
global  name map 4351 B  module index 626 B  search index 1215 B
global  module descriptions 10 of 11 (0 repeat the module name)
global  cache 0 hit / 11 miss  state 10499 B
assets  3 file(s) -> <out>/site
ledger  11 module(s) -> <out>/ledger.json (3489 B)
work    extract 11 / render 11 / math-fallback 1 / requests 1 / cache 0 hit 11 miss / summary 10 (0 name-only) / ir 29 file(s) (22 module read(s) = 2.00 full pass(es))
build   full in <t> -> <out>/site
